local f(e, u) = e + u;
local s = 'héllo ☃ 😀', t = [
  '日本語',
  1,
  2,
  '😀',
  3,
];
{
  'ключ': std.foo('日本語',
                      1,
                      2,
                      '😀x'),
  b: [
    'é',
    'ü',
    'ñ',
  ],
  c: f('😀', 'é'),  // ☃ comment
  d: 1 +
     2,
  e: 'ｅ' + '😀' +
     'x',
}
